2026-08-13 02:26:33,665 - INFO - Pipeline started
2026-08-13 02:26:33,670 - INFO - 5 rows extracted
2026-08-13 02:26:33,670 - INFO - Column validation passed
2026-08-13 02:26:33,675 - INFO - Data validation passed
2026-08-13 02:26:33,676 - INFO - Transformation completed
2026-08-13 02:26:33,679 - INFO - 5 rows loaded
2026-08-13 02:26:33,679 - INFO - Pipeline completed successfully
2026-08-13 02:27:10,643 - INFO - Pipeline started
2026-08-13 02:27:10,646 - INFO - 5 rows extracted
2026-08-13 02:27:10,646 - INFO - Column validation passed
2026-08-13 02:27:10,648 - INFO - Data validation passed
2026-08-13 02:27:10,649 - INFO - Transformation completed
2026-08-13 02:27:10,651 - INFO - 5 rows loaded
2026-08-13 02:27:10,652 - INFO - Pipeline completed successfully
2026-08-13 02:27:37,708 - INFO - Pipeline started
2026-08-13 02:27:37,710 - INFO - 5 rows extracted
2026-08-13 02:27:37,711 - INFO - Column validation passed
2026-08-13 02:37:42,195 - INFO - Pipeline started
2026-08-13 02:37:42,197 - INFO - 5 rows extracted
2026-08-13 02:37:42,197 - INFO - Column validation passed
2026-08-13 02:37:42,199 - ERROR - Pipeline failed: 
Data validation failed: 
- Null values found in columns: ['quantity']
- Non-numeric values found in column: quantity
